(fp_lib_table
  (lib (name "object1")(type "KiCad")(uri "${KIPRJMOD}/my/library.pretty")(options "Some options with \"quoted strings\"")(descr "Some description with \"quoted strings\"")(disabled))
)
