(fp_lib_table
  (lib (name "")(type "KiCad")(uri "")(options "")(descr ""))
)
