(kicad_sch (version 20211014) (generator kiutils)
  (paper "A4")
  (lib_symbols)

  (sheet_instances
    (path "/" (page "1"))
  )
)
