(kicad_sch (version 20211123) (generator eeschema)

  (uuid e63e39d7-6ac0-4ffd-8aa3-1841a4541b55)

  (paper "A4")

  (lib_symbols
    (symbol "Diode:1.5KExxCA" (pin_numbers hide) (pin_names (offset 1.016) hide) (in_bom yes) (on_board yes)
      (property "Reference" "D" (id 0) (at 0 2.54 0)
        (effects (font (size 1.27 1.27)))
      )
      (property "Value" "1.5KExxCA" (id 1) (at 0 -2.54 0)
        (effects (font (size 1.27 1.27)))
      )
      (property "Footprint" "Diode_THT:D_DO-201AE_P15.24mm_Horizontal" (id 2) (at 0 -5.08 0)
        (effects (font (size 1.27 1.27)) hide)
      )
      (property "Datasheet" "https://www.vishay.com/docs/88301/15ke.pdf" (id 3) (at 0 0 0)
        (effects (font (size 1.27 1.27)) hide)
      )
      (property "ki_keywords" "diode TVS voltage suppressor" (id 4) (at 0 0 0)
        (effects (font (size 1.27 1.27)) hide)
      )
      (property "ki_description" "1500W bidirectional TRANSZORBÂ® Transient Voltage Suppressor, DO-201AE" (id 5) (at 0 0 0)
        (effects (font (size 1.27 1.27)) hide)
      )
      (property "ki_fp_filters" "D?DO?201AE*" (id 6) (at 0 0 0)
        (effects (font (size 1.27 1.27)) hide)
      )
      (symbol "1.5KExxCA_0_1"
        (polyline
          (pts
            (xy 1.27 0)
            (xy -1.27 0)
          )
          (stroke (width 0) (type default) (color 0 0 0 0))
          (fill (type none))
        )
        (polyline
          (pts
            (xy -2.54 -1.27)
            (xy 0 0)
            (xy -2.54 1.27)
            (xy -2.54 -1.27)
          )
          (stroke (width 0.254) (type default) (color 0 0 0 0))
          (fill (type none))
        )
        (polyline
          (pts
            (xy 0.508 1.27)
            (xy 0 1.27)
            (xy 0 -1.27)
            (xy -0.508 -1.27)
          )
          (stroke (width 0.254) (type default) (color 0 0 0 0))
          (fill (type none))
        )
        (polyline
          (pts
            (xy 2.54 1.27)
            (xy 2.54 -1.27)
            (xy 0 0)
            (xy 2.54 1.27)
          )
          (stroke (width 0.254) (type default) (color 0 0 0 0))
          (fill (type none))
        )
      )
      (symbol "1.5KExxCA_1_1"
        (pin passive line (at -3.81 0 0) (length 2.54)
          (name "A1" (effects (font (size 1.27 1.27))))
          (number "1" (effects (font (size 1.27 1.27))))
        )
        (pin passive line (at 3.81 0 180) (length 2.54)
          (name "A2" (effects (font (size 1.27 1.27))))
          (number "2" (effects (font (size 1.27 1.27))))
        )
      )
    )
  )

  (wire (pts (xy 139.065 91.44) (xy 134.62 91.44))
    (stroke (width 0) (type default) (color 0 0 0 0))
    (uuid 62009989-8103-49af-b226-a7bac174e878)
  )
  (wire (pts (xy 120.65 103.505) (xy 139.065 103.505))
    (stroke (width 0) (type default) (color 0 0 0 0))
    (uuid 62b3c9b2-7111-4fb4-8944-c22c00c06d9d)
  )
  (wire (pts (xy 139.065 103.505) (xy 139.065 91.44))
    (stroke (width 0) (type default) (color 0 0 0 0))
    (uuid 6d34db10-7ee4-4cde-a4af-6e0f89095ed8)
  )
  (wire (pts (xy 120.65 91.44) (xy 120.65 103.505))
    (stroke (width 0) (type default) (color 0 0 0 0))
    (uuid e452492d-035a-4361-8fab-fa3eca341746)
  )
  (wire (pts (xy 127 91.44) (xy 120.65 91.44))
    (stroke (width 0) (type default) (color 0 0 0 0))
    (uuid ff1f874f-92dd-4417-98ba-01533012ca7a)
  )

  (label "NET" (at 126.365 103.505 0)
    (effects (font (size 1.27 1.27)) (justify left bottom))
    (uuid 82f2e0d6-2fda-41d6-9b1f-1d94d4f9cb34)
  )

  (symbol (lib_id "Diode:1.5KExxCA") (at 130.81 91.44 0) (unit 1)
    (in_bom yes) (on_board yes)
    (uuid d27bd75e-eeb9-4d8b-bfdb-bddce4b94b6c)
    (property "Reference" "D?" (id 0) (at 130.81 85.09 0))
    (property "Value" "1.5KExxCA" (id 1) (at 130.81 87.63 0))
    (property "Footprint" "Diode_THT:D_DO-201AE_P15.24mm_Horizontal" (id 2) (at 130.81 96.52 0)
      (effects (font (size 1.27 1.27)) hide)
    )
    (property "Datasheet" "https://www.vishay.com/docs/88301/15ke.pdf" (id 3) (at 130.81 91.44 0)
      (effects (font (size 1.27 1.27)) hide)
    )
    (property "Property1" "This is a property" (id 4) (at 130.81 91.44 0)
      (effects (font (size 1.27 1.27)) hide)
    )
    (property "Property2" "This is another property featuring \"quoted\" strings" (id 5) (at 130.81 91.44 0)
      (effects (font (size 1.27 1.27)) hide)
    )
    (property "Property3" "I was added from \"outside\" of KiCad" (id 6) (at 0.0 0.0 0))
    (pin "1" (uuid 28f921ab-5f55-47f8-b726-02e567145cd5))
    (pin "2" (uuid e89e5b16-554a-4d97-8f95-fc89c9b40d74))
  )

  (sheet_instances
    (path "/" (page "1"))
  )

  (symbol_instances
    (path "/d27bd75e-eeb9-4d8b-bfdb-bddce4b94b6c"
      (reference "D?") (unit 1) (value "1.5KExxCA") (footprint "Diode_THT:D_DO-201AE_P15.24mm_Horizontal")
    )
  )
)
